------------------------------------------------------------
Timing Analyzer Summary
------------------------------------------------------------

Type  : Slow 1100mV 85C Model Setup 'KEY[0]'
Slack : -7.326
TNS   : -162.370

Type  : Slow 1100mV 85C Model Setup 'CLOCK_50'
Slack : -0.432
TNS   : -1.237

Type  : Slow 1100mV 85C Model Hold 'CLOCK_50'
Slack : 0.223
TNS   : 0.000

Type  : Slow 1100mV 85C Model Hold 'KEY[0]'
Slack : 0.374
TNS   : 0.000

Type  : Slow 1100mV 85C Model Minimum Pulse Width 'KEY[0]'
Slack : -0.394
TNS   : -19.040

Type  : Slow 1100mV 85C Model Minimum Pulse Width 'CLOCK_50'
Slack : -0.394
TNS   : -2.076

Type  : Slow 1100mV 0C Model Setup 'KEY[0]'
Slack : -7.433
TNS   : -160.300

Type  : Slow 1100mV 0C Model Setup 'CLOCK_50'
Slack : -0.434
TNS   : -1.374

Type  : Slow 1100mV 0C Model Hold 'CLOCK_50'
Slack : 0.204
TNS   : 0.000

Type  : Slow 1100mV 0C Model Hold 'KEY[0]'
Slack : 0.392
TNS   : 0.000

Type  : Slow 1100mV 0C Model Minimum Pulse Width 'KEY[0]'
Slack : -0.394
TNS   : -17.459

Type  : Slow 1100mV 0C Model Minimum Pulse Width 'CLOCK_50'
Slack : -0.394
TNS   : -2.279

Type  : Fast 1100mV 85C Model Setup 'KEY[0]'
Slack : -4.063
TNS   : -98.146

Type  : Fast 1100mV 85C Model Setup 'CLOCK_50'
Slack : 0.171
TNS   : 0.000

Type  : Fast 1100mV 85C Model Hold 'CLOCK_50'
Slack : 0.136
TNS   : 0.000

Type  : Fast 1100mV 85C Model Hold 'KEY[0]'
Slack : 0.183
TNS   : 0.000

Type  : Fast 1100mV 85C Model Minimum Pulse Width 'KEY[0]'
Slack : -0.343
TNS   : -9.352

Type  : Fast 1100mV 85C Model Minimum Pulse Width 'CLOCK_50'
Slack : -0.088
TNS   : -0.349

Type  : Fast 1100mV 0C Model Setup 'KEY[0]'
Slack : -3.413
TNS   : -82.715

Type  : Fast 1100mV 0C Model Setup 'CLOCK_50'
Slack : 0.215
TNS   : 0.000

Type  : Fast 1100mV 0C Model Hold 'CLOCK_50'
Slack : 0.122
TNS   : 0.000

Type  : Fast 1100mV 0C Model Hold 'KEY[0]'
Slack : 0.173
TNS   : 0.000

Type  : Fast 1100mV 0C Model Minimum Pulse Width 'KEY[0]'
Slack : -0.321
TNS   : -8.766

Type  : Fast 1100mV 0C Model Minimum Pulse Width 'CLOCK_50'
Slack : -0.086
TNS   : -0.342

------------------------------------------------------------
